Querying 1,000 S1 entities against reusable indexes ...
 sample  positive_link_recall  average_candidates  query_seconds  peak_rss_mb
s1_1000              0.935847             119.435     474.797425   250.890625
	Command being timed: ".venv/bin/python -u scripts/benchmark_indexed_blocker.py --config configs/exp002e_intersection_only.json --index-dir results/artifacts/exp002c_source_index --results-dir results/exp002e_intersection_only_1k --sample-sizes 1000 --sample-seed 2032 --budget postings"
	User time (seconds): 120.80
	System time (seconds): 16.96
	Percent of CPU this job got: 28%
	Elapsed (wall clock) time (h:mm:ss or m:ss): 8:04.83
	Average shared text size (kbytes): 0
	Average unshared data size (kbytes): 0
	Average stack size (kbytes): 0
	Average total size (kbytes): 0
	Maximum resident set size (kbytes): 259472
	Average resident set size (kbytes): 0
	Major (requiring I/O) page faults: 0
	Minor (reclaiming a frame) page faults: 144087
	Voluntary context switches: 502580
	Involuntary context switches: 592
	Swaps: 0
	File system inputs: 8191664
	File system outputs: 744
	Socket messages sent: 0
	Socket messages received: 0
	Signals delivered: 0
	Page size (bytes): 4096
	Exit status: 0
EXP002E_intersection_only_EXIT_CODE=0
