Querying 1,000 S1 entities against reusable indexes ...
 sample  positive_link_recall  average_candidates  query_seconds  peak_rss_mb
s1_1000              0.934159              119.83     150.451788   251.613281
	Command being timed: ".venv/bin/python -u scripts/benchmark_indexed_blocker.py --config configs/exp002e_balanced.json --index-dir results/artifacts/exp002c_source_index --results-dir results/exp002e_balanced_1k --sample-sizes 1000 --sample-seed 2032 --budget postings"
	User time (seconds): 151.19
	System time (seconds): 8.71
	Percent of CPU this job got: 99%
	Elapsed (wall clock) time (h:mm:ss or m:ss): 2:40.21
	Average shared text size (kbytes): 0
	Average unshared data size (kbytes): 0
	Average stack size (kbytes): 0
	Average total size (kbytes): 0
	Maximum resident set size (kbytes): 259804
	Average resident set size (kbytes): 0
	Major (requiring I/O) page faults: 0
	Minor (reclaiming a frame) page faults: 147621
	Voluntary context switches: 863
	Involuntary context switches: 1025
	Swaps: 0
	File system inputs: 27144
	File system outputs: 752
	Socket messages sent: 0
	Socket messages received: 0
	Signals delivered: 0
	Page size (bytes): 4096
	Exit status: 0
EXP002E_balanced_EXIT_CODE=0
