Querying 5,000 S1 entities against reusable indexes ...
 sample  positive_link_recall  average_candidates  query_seconds  peak_rss_mb
s1_5000              0.944267             119.416     290.388022   301.703125
	Command being timed: ".venv/bin/python -u scripts/benchmark_indexed_blocker.py --config configs/exp002f_compact_18.json --index-dir results/artifacts/exp002c_source_index --results-dir results/exp002f_compact_18_5k --sample-sizes 5000 --sample-seed 2032 --budget postings --reviewed-1k"
	User time (seconds): 280.24
	System time (seconds): 19.99
	Percent of CPU this job got: 100%
	Elapsed (wall clock) time (h:mm:ss or m:ss): 5:00.21
	Average shared text size (kbytes): 0
	Average unshared data size (kbytes): 0
	Average stack size (kbytes): 0
	Average total size (kbytes): 0
	Maximum resident set size (kbytes): 320080
	Average resident set size (kbytes): 0
	Major (requiring I/O) page faults: 0
	Minor (reclaiming a frame) page faults: 154717
	Voluntary context switches: 415
	Involuntary context switches: 1724
	Swaps: 0
	File system inputs: 9424
	File system outputs: 3808
	Socket messages sent: 0
	Socket messages received: 0
	Signals delivered: 0
	Page size (bytes): 4096
	Exit status: 0
EXP002F_COMPACT_18_5K_EXIT_CODE=0
