Querying 1,000 S1 entities against reusable indexes ...
 sample  positive_link_recall  average_candidates  query_seconds  peak_rss_mb
s1_1000              0.925718             110.301     350.016149   246.695312
	Command being timed: ".venv/bin/python -u scripts/benchmark_indexed_blocker.py --config configs/exp002f_compact_6.json --index-dir results/artifacts/exp002c_source_index --results-dir results/exp002f_compact_6_1k --sample-sizes 1000 --sample-seed 2032 --budget postings"
	User time (seconds): 45.34
	System time (seconds): 9.01
	Percent of CPU this job got: 15%
	Elapsed (wall clock) time (h:mm:ss or m:ss): 5:59.52
	Average shared text size (kbytes): 0
	Average unshared data size (kbytes): 0
	Average stack size (kbytes): 0
	Average total size (kbytes): 0
	Maximum resident set size (kbytes): 255232
	Average resident set size (kbytes): 0
	Major (requiring I/O) page faults: 0
	Minor (reclaiming a frame) page faults: 146309
	Voluntary context switches: 450800
	Involuntary context switches: 216
	Swaps: 0
	File system inputs: 5792272
	File system outputs: 792
	Socket messages sent: 0
	Socket messages received: 0
	Signals delivered: 0
	Page size (bytes): 4096
	Exit status: 0
EXP002F_COMPACT_6_EXIT_CODE=0
