Querying 1,000 S1 entities against reusable indexes ...
 sample  positive_link_recall  average_candidates  query_seconds  peak_rss_mb
s1_1000              0.933033             119.367        65.0465   253.246094
	Command being timed: ".venv/bin/python -u scripts/benchmark_indexed_blocker.py --config configs/exp002f_compact_18.json --index-dir results/artifacts/exp002c_source_index --results-dir results/exp002f_compact_18_1k --sample-sizes 1000 --sample-seed 2032 --budget postings"
	User time (seconds): 64.74
	System time (seconds): 4.31
	Percent of CPU this job got: 93%
	Elapsed (wall clock) time (h:mm:ss or m:ss): 1:14.21
	Average shared text size (kbytes): 0
	Average unshared data size (kbytes): 0
	Average stack size (kbytes): 0
	Average total size (kbytes): 0
	Maximum resident set size (kbytes): 262236
	Average resident set size (kbytes): 0
	Major (requiring I/O) page faults: 0
	Minor (reclaiming a frame) page faults: 148131
	Voluntary context switches: 8025
	Involuntary context switches: 422
	Swaps: 0
	File system inputs: 187720
	File system outputs: 816
	Socket messages sent: 0
	Socket messages received: 0
	Signals delivered: 0
	Page size (bytes): 4096
	Exit status: 0
EXP002F_COMPACT_18_EXIT_CODE=0
