Querying 1,000 S1 entities against reusable indexes ...
Querying 5,000 S1 entities against reusable indexes ...
 sample  positive_link_recall  average_candidates  query_seconds  peak_rss_mb
s1_1000              0.903770             64.0140      14.327381   242.363281
s1_5000              0.908991             63.8378      71.385958   267.488281
	Command being timed: ".venv/bin/python -u scripts/benchmark_indexed_blocker.py --config configs/exp002c_postings.json --index-dir results/artifacts/exp002c_source_index --results-dir results/exp002c_1k5k --sample-sizes 1000 5000 --budget postings --sample-seed 2032"
	User time (seconds): 87.25
	System time (seconds): 9.12
	Percent of CPU this job got: 100%
	Elapsed (wall clock) time (h:mm:ss or m:ss): 1:36.28
	Average shared text size (kbytes): 0
	Average unshared data size (kbytes): 0
	Average stack size (kbytes): 0
	Average total size (kbytes): 0
	Maximum resident set size (kbytes): 283380
	Average resident set size (kbytes): 0
	Major (requiring I/O) page faults: 0
	Minor (reclaiming a frame) page faults: 143518
	Voluntary context switches: 518
	Involuntary context switches: 580
	Swaps: 0
	File system inputs: 659728
	File system outputs: 3000
	Socket messages sent: 0
	Socket messages received: 0
	Signals delivered: 0
	Page size (bytes): 4096
	Exit status: 0
EXP002C_QUERY_EXIT_CODE=0
