Querying 1,000 S1 entities against reusable indexes ...
 sample  positive_link_recall  average_candidates  query_seconds  peak_rss_mb
s1_1000              0.930782             118.031      83.893202   250.164062
	Command being timed: ".venv/bin/python -u scripts/benchmark_indexed_blocker.py --config configs/exp002f_compact_10.json --index-dir results/artifacts/exp002c_source_index --results-dir results/exp002f_compact_10_1k --sample-sizes 1000 --sample-seed 2032 --budget postings"
	User time (seconds): 48.10
	System time (seconds): 3.91
	Percent of CPU this job got: 55%
	Elapsed (wall clock) time (h:mm:ss or m:ss): 1:32.97
	Average shared text size (kbytes): 0
	Average unshared data size (kbytes): 0
	Average stack size (kbytes): 0
	Average total size (kbytes): 0
	Maximum resident set size (kbytes): 258892
	Average resident set size (kbytes): 0
	Major (requiring I/O) page faults: 0
	Minor (reclaiming a frame) page faults: 147163
	Voluntary context switches: 60270
	Involuntary context switches: 332
	Swaps: 0
	File system inputs: 1074008
	File system outputs: 808
	Socket messages sent: 0
	Socket messages received: 0
	Signals delivered: 0
	Page size (bytes): 4096
	Exit status: 0
EXP002F_COMPACT_10_EXIT_CODE=0
